[2026-08-09T08:36:54.153+0000] {local_task_job_runner.py:120} INFO - ::group::Pre task execution logs
[2026-08-09T08:36:54.262+0000] {taskinstance.py:2076} INFO - Dependencies all met for dep_context=non-requeueable deps ti=<TaskInstance: hospital_dw_batch_pipeline.load_postgres_layer5 manual__2026-08-09T08:36:13.936393+00:00 [queued]>
[2026-08-09T08:36:54.289+0000] {taskinstance.py:2076} INFO - Dependencies all met for dep_context=requeueable deps ti=<TaskInstance: hospital_dw_batch_pipeline.load_postgres_layer5 manual__2026-08-09T08:36:13.936393+00:00 [queued]>
[2026-08-09T08:36:54.293+0000] {taskinstance.py:2306} INFO - Starting attempt 1 of 1
[2026-08-09T08:36:54.335+0000] {taskinstance.py:2330} INFO - Executing <Task(PythonOperator): load_postgres_layer5> on 2026-08-09 08:36:13.936393+00:00
[2026-08-09T08:36:54.342+0000] {standard_task_runner.py:90} INFO - Running: ['airflow', 'tasks', 'run', 'hospital_dw_batch_pipeline', 'load_postgres_layer5', 'manual__2026-08-09T08:36:13.936393+00:00', '--job-id', '10', '--raw', '--subdir', 'DAGS_FOLDER/hospital_dw_pipeline.py', '--cfg-path', '/tmp/tmphfhc4fn2']
[2026-08-09T08:36:54.349+0000] {standard_task_runner.py:91} INFO - Job 10: Subtask load_postgres_layer5
[2026-08-09T08:36:54.349+0000] {logging_mixin.py:188} WARNING - /home/airflow/.local/lib/python3.12/site-packages/airflow/task/task_runner/standard_task_runner.py:62 DeprecationWarning: This process (pid=723) is multi-threaded, use of fork() may lead to deadlocks in the child.
[2026-08-09T08:36:54.351+0000] {standard_task_runner.py:64} INFO - Started process 724 to run task
[2026-08-09T08:36:54.426+0000] {task_command.py:426} INFO - Running <TaskInstance: hospital_dw_batch_pipeline.load_postgres_layer5 manual__2026-08-09T08:36:13.936393+00:00 [running]> on host 72934859ffda
[2026-08-09T08:36:54.511+0000] {taskinstance.py:2648} INFO - Exporting env vars: AIRFLOW_CTX_DAG_OWNER='airflow' AIRFLOW_CTX_DAG_ID='hospital_dw_batch_pipeline' AIRFLOW_CTX_TASK_ID='load_postgres_layer5' AIRFLOW_CTX_EXECUTION_DATE='2026-08-09T08:36:13.936393+00:00' AIRFLOW_CTX_TRY_NUMBER='1' AIRFLOW_CTX_DAG_RUN_ID='manual__2026-08-09T08:36:13.936393+00:00'
[2026-08-09T08:36:54.513+0000] {taskinstance.py:430} INFO - ::endgroup::
[2026-08-09T08:36:54.658+0000] {logging_mixin.py:188} INFO - Dang chay lenh: /opt/spark/bin/spark-submit --master spark://spark-master:7077 --conf spark.jars.ivy=/tmp/.ivy2 --packages org.apache.hadoop:hadoop-aws:3.3.4,com.amazonaws:aws-java-sdk-bundle:1.12.262,org.postgresql:postgresql:42.7.3 /opt/spark-jobs/load_to_postgres.py
[2026-08-09T08:37:16.063+0000] {logging_mixin.py:188} INFO - :: loading settings :: url = jar:file:/opt/spark/jars/ivy-2.5.1.jar!/org/apache/ivy/core/settings/ivysettings.xml
Ivy Default Cache set to: /tmp/.ivy2/cache
The jars for the packages stored in: /tmp/.ivy2/jars
org.apache.hadoop#hadoop-aws added as a dependency
com.amazonaws#aws-java-sdk-bundle added as a dependency
org.postgresql#postgresql added as a dependency
:: resolving dependencies :: org.apache.spark#spark-submit-parent-e4abfa65-2d9c-4a2f-a393-9aa432e4ef1b;1.0
	confs: [default]
	found org.apache.hadoop#hadoop-aws;3.3.4 in central
	found com.amazonaws#aws-java-sdk-bundle;1.12.262 in central
	found org.wildfly.openssl#wildfly-openssl;1.0.7.Final in central
	found org.postgresql#postgresql;42.7.3 in central
	found org.checkerframework#checker-qual;3.42.0 in central
:: resolution report :: resolve 215ms :: artifacts dl 8ms
	:: modules in use:
	com.amazonaws#aws-java-sdk-bundle;1.12.262 from central in [default]
	org.apache.hadoop#hadoop-aws;3.3.4 from central in [default]
	org.checkerframework#checker-qual;3.42.0 from central in [default]
	org.postgresql#postgresql;42.7.3 from central in [default]
	org.wildfly.openssl#wildfly-openssl;1.0.7.Final from central in [default]
	---------------------------------------------------------------------
	|                  |            modules            ||   artifacts   |
	|       conf       | number| search|dwnlded|evicted|| number|dwnlded|
	---------------------------------------------------------------------
	|      default     |   5   |   0   |   0   |   0   ||   5   |   0   |
	---------------------------------------------------------------------
:: retrieving :: org.apache.spark#spark-submit-parent-e4abfa65-2d9c-4a2f-a393-9aa432e4ef1b
	confs: [default]
	0 artifacts copied, 5 already retrieved (0kB/5ms)
26/08/09 08:36:57 WARN NativeCodeLoader: Unable to load native-hadoop library for your platform... using builtin-java classes where applicable
26/08/09 08:36:58 INFO SparkContext: Running Spark version 3.5.1
26/08/09 08:36:58 INFO SparkContext: OS info Linux, 6.18.33.2-microsoft-standard-WSL2, amd64
26/08/09 08:36:58 INFO SparkContext: Java version 11.0.22
26/08/09 08:36:58 INFO ResourceUtils: ==============================================================
26/08/09 08:36:58 INFO ResourceUtils: No custom resources configured for spark.driver.
26/08/09 08:36:58 INFO ResourceUtils: ==============================================================
26/08/09 08:36:58 INFO SparkContext: Submitted application: HospitalDW-Layer5-LoadToPostgres
26/08/09 08:36:58 INFO ResourceProfile: Default ResourceProfile created, executor resources: Map(memory -> name: memory, amount: 1024, script: , vendor: , offHeap -> name: offHeap, amount: 0, script: , vendor: ), task resources: Map(cpus -> name: cpus, amount: 1.0)
26/08/09 08:36:58 INFO ResourceProfile: Limiting resource is cpu
26/08/09 08:36:58 INFO ResourceProfileManager: Added ResourceProfile id: 0
26/08/09 08:36:58 INFO SecurityManager: Changing view acls to: spark
26/08/09 08:36:58 INFO SecurityManager: Changing modify acls to: spark
26/08/09 08:36:58 INFO SecurityManager: Changing view acls groups to: 
26/08/09 08:36:58 INFO SecurityManager: Changing modify acls groups to: 
26/08/09 08:36:58 INFO SecurityManager: SecurityManager: authentication disabled; ui acls disabled; users with view permissions: spark; groups with view permissions: EMPTY; users with modify permissions: spark; groups with modify permissions: EMPTY
26/08/09 08:36:58 INFO Utils: Successfully started service 'sparkDriver' on port 36879.
26/08/09 08:36:58 INFO SparkEnv: Registering MapOutputTracker
26/08/09 08:36:58 INFO SparkEnv: Registering BlockManagerMaster
26/08/09 08:36:58 INFO BlockManagerMasterEndpoint: Using org.apache.spark.storage.DefaultTopologyMapper for getting topology information
26/08/09 08:36:58 INFO BlockManagerMasterEndpoint: BlockManagerMasterEndpoint up
26/08/09 08:36:58 INFO SparkEnv: Registering BlockManagerMasterHeartbeat
26/08/09 08:36:59 INFO DiskBlockManager: Created local directory at /tmp/blockmgr-61a26973-72a8-4860-a5ba-348b9f3af3aa
26/08/09 08:36:59 INFO MemoryStore: MemoryStore started with capacity 434.4 MiB
26/08/09 08:36:59 INFO SparkEnv: Registering OutputCommitCoordinator
26/08/09 08:36:59 INFO JettyUtils: Start Jetty 0.0.0.0:4040 for SparkUI
26/08/09 08:36:59 INFO Utils: Successfully started service 'SparkUI' on port 4040.
26/08/09 08:36:59 INFO SparkContext: Added JAR file:///tmp/.ivy2/jars/org.apache.hadoop_hadoop-aws-3.3.4.jar at spark://16bfa56c2714:36879/jars/org.apache.hadoop_hadoop-aws-3.3.4.jar with timestamp 1786264618528
26/08/09 08:36:59 INFO SparkContext: Added JAR file:///tmp/.ivy2/jars/com.amazonaws_aws-java-sdk-bundle-1.12.262.jar at spark://16bfa56c2714:36879/jars/com.amazonaws_aws-java-sdk-bundle-1.12.262.jar with timestamp 1786264618528
26/08/09 08:36:59 INFO SparkContext: Added JAR file:///tmp/.ivy2/jars/org.postgresql_postgresql-42.7.3.jar at spark://16bfa56c2714:36879/jars/org.postgresql_postgresql-42.7.3.jar with timestamp 1786264618528
26/08/09 08:36:59 INFO SparkContext: Added JAR file:///tmp/.ivy2/jars/org.wildfly.openssl_wildfly-openssl-1.0.7.Final.jar at spark://16bfa56c2714:36879/jars/org.wildfly.openssl_wildfly-openssl-1.0.7.Final.jar with timestamp 1786264618528
26/08/09 08:36:59 INFO SparkContext: Added JAR file:///tmp/.ivy2/jars/org.checkerframework_checker-qual-3.42.0.jar at spark://16bfa56c2714:36879/jars/org.checkerframework_checker-qual-3.42.0.jar with timestamp 1786264618528
26/08/09 08:36:59 INFO SparkContext: Added file file:///tmp/.ivy2/jars/org.apache.hadoop_hadoop-aws-3.3.4.jar at spark://16bfa56c2714:36879/files/org.apache.hadoop_hadoop-aws-3.3.4.jar with timestamp 1786264618528
26/08/09 08:36:59 INFO Utils: Copying /tmp/.ivy2/jars/org.apache.hadoop_hadoop-aws-3.3.4.jar to /tmp/spark-7c109eca-c359-466b-9ab8-dc1d2fc1e407/userFiles-47322c99-3328-4a49-9fab-b6875cab5925/org.apache.hadoop_hadoop-aws-3.3.4.jar
26/08/09 08:36:59 INFO SparkContext: Added file file:///tmp/.ivy2/jars/com.amazonaws_aws-java-sdk-bundle-1.12.262.jar at spark://16bfa56c2714:36879/files/com.amazonaws_aws-java-sdk-bundle-1.12.262.jar with timestamp 1786264618528
26/08/09 08:36:59 INFO Utils: Copying /tmp/.ivy2/jars/com.amazonaws_aws-java-sdk-bundle-1.12.262.jar to /tmp/spark-7c109eca-c359-466b-9ab8-dc1d2fc1e407/userFiles-47322c99-3328-4a49-9fab-b6875cab5925/com.amazonaws_aws-java-sdk-bundle-1.12.262.jar
26/08/09 08:36:59 INFO SparkContext: Added file file:///tmp/.ivy2/jars/org.postgresql_postgresql-42.7.3.jar at spark://16bfa56c2714:36879/files/org.postgresql_postgresql-42.7.3.jar with timestamp 1786264618528
26/08/09 08:36:59 INFO Utils: Copying /tmp/.ivy2/jars/org.postgresql_postgresql-42.7.3.jar to /tmp/spark-7c109eca-c359-466b-9ab8-dc1d2fc1e407/userFiles-47322c99-3328-4a49-9fab-b6875cab5925/org.postgresql_postgresql-42.7.3.jar
26/08/09 08:36:59 INFO SparkContext: Added file file:///tmp/.ivy2/jars/org.wildfly.openssl_wildfly-openssl-1.0.7.Final.jar at spark://16bfa56c2714:36879/files/org.wildfly.openssl_wildfly-openssl-1.0.7.Final.jar with timestamp 1786264618528
26/08/09 08:36:59 INFO Utils: Copying /tmp/.ivy2/jars/org.wildfly.openssl_wildfly-openssl-1.0.7.Final.jar to /tmp/spark-7c109eca-c359-466b-9ab8-dc1d2fc1e407/userFiles-47322c99-3328-4a49-9fab-b6875cab5925/org.wildfly.openssl_wildfly-openssl-1.0.7.Final.jar
26/08/09 08:36:59 INFO SparkContext: Added file file:///tmp/.ivy2/jars/org.checkerframework_checker-qual-3.42.0.jar at spark://16bfa56c2714:36879/files/org.checkerframework_checker-qual-3.42.0.jar with timestamp 1786264618528
26/08/09 08:36:59 INFO Utils: Copying /tmp/.ivy2/jars/org.checkerframework_checker-qual-3.42.0.jar to /tmp/spark-7c109eca-c359-466b-9ab8-dc1d2fc1e407/userFiles-47322c99-3328-4a49-9fab-b6875cab5925/org.checkerframework_checker-qual-3.42.0.jar
26/08/09 08:37:00 INFO StandaloneAppClient$ClientEndpoint: Connecting to master spark://spark-master:7077...
26/08/09 08:37:00 INFO TransportClientFactory: Successfully created connection to spark-master/172.18.0.5:7077 after 27 ms (0 ms spent in bootstraps)
26/08/09 08:37:00 INFO StandaloneSchedulerBackend: Connected to Spark cluster with app ID app-20260809083700-0003
26/08/09 08:37:00 INFO StandaloneAppClient$ClientEndpoint: Executor added: app-20260809083700-0003/0 on worker-20260809075400-172.18.0.10-38235 (172.18.0.10:38235) with 2 core(s)
26/08/09 08:37:00 INFO StandaloneSchedulerBackend: Granted executor ID app-20260809083700-0003/0 on hostPort 172.18.0.10:38235 with 2 core(s), 1024.0 MiB RAM
26/08/09 08:37:00 INFO Utils: Successfully started service 'org.apache.spark.network.netty.NettyBlockTransferService' on port 45233.
26/08/09 08:37:00 INFO NettyBlockTransferService: Server created on 16bfa56c2714:45233
26/08/09 08:37:00 INFO BlockManager: Using org.apache.spark.storage.RandomBlockReplicationPolicy for block replication policy
26/08/09 08:37:00 INFO BlockManagerMaster: Registering BlockManager BlockManagerId(driver, 16bfa56c2714, 45233, None)
26/08/09 08:37:00 INFO BlockManagerMasterEndpoint: Registering block manager 16bfa56c2714:45233 with 434.4 MiB RAM, BlockManagerId(driver, 16bfa56c2714, 45233, None)
26/08/09 08:37:00 INFO BlockManagerMaster: Registered BlockManager BlockManagerId(driver, 16bfa56c2714, 45233, None)
26/08/09 08:37:00 INFO BlockManager: Initialized BlockManager: BlockManagerId(driver, 16bfa56c2714, 45233, None)
26/08/09 08:37:00 INFO StandaloneAppClient$ClientEndpoint: Executor updated: app-20260809083700-0003/0 is now RUNNING
26/08/09 08:37:00 INFO StandaloneSchedulerBackend: SchedulerBackend is ready for scheduling beginning after reached minRegisteredResourcesRatio: 0.0
Dang doc fact_admission tu MinIO...
26/08/09 08:37:01 WARN MetricsConfig: Cannot locate configuration: tried hadoop-metrics2-s3a-file-system.properties,hadoop-metrics2.properties
Dang ghi 100114 dong vao Postgres bang 'fact_admission'...
26/08/09 08:37:09 WARN SparkStringUtils: Truncated the string representation of a plan since it was too large. This behavior can be adjusted by setting 'spark.sql.debug.maxToStringFields'.
  -> Xong: fact_admission (100114 dong)

Dang doc dim_patient tu MinIO...
Dang ghi 70439 dong vao Postgres bang 'dim_patient'...
  -> Xong: dim_patient (70439 dong)

Dang doc dim_department tu MinIO...
Dang ghi 73 dong vao Postgres bang 'dim_department'...
  -> Xong: dim_department (73 dong)

Dang doc dim_diagnosis tu MinIO...
Dang ghi 2088 dong vao Postgres bang 'dim_diagnosis'...
  -> Xong: dim_diagnosis (2088 dong)

Dang doc dim_date tu MinIO...
Dang ghi 3664 dong vao Postgres bang 'dim_date'...
  -> Xong: dim_date (3664 dong)

HOAN TAT tang 5. Da nap 1 fact + 4 dimension vao Postgres (hospital_dw).
[2026-08-09T08:37:16.064+0000] {logging_mixin.py:188} INFO - Hoan tat: /opt/spark-jobs/load_to_postgres.py
[2026-08-09T08:37:16.065+0000] {python.py:237} INFO - Done. Returned value was: None
[2026-08-09T08:37:16.066+0000] {taskinstance.py:441} INFO - ::group::Post task execution logs
[2026-08-09T08:37:16.073+0000] {taskinstance.py:1206} INFO - Marking task as SUCCESS. dag_id=hospital_dw_batch_pipeline, task_id=load_postgres_layer5, run_id=manual__2026-08-09T08:36:13.936393+00:00, execution_date=20260809T083613, start_date=20260809T083654, end_date=20260809T083716
[2026-08-09T08:37:16.136+0000] {local_task_job_runner.py:243} INFO - Task exited with return code 0
[2026-08-09T08:37:16.165+0000] {taskinstance.py:3503} INFO - 0 downstream tasks scheduled from follow-on schedule check
[2026-08-09T08:37:16.170+0000] {local_task_job_runner.py:222} INFO - ::endgroup::
