[2026-08-09T08:30:26.057+0000] {local_task_job_runner.py:120} INFO - ::group::Pre task execution logs
[2026-08-09T08:30:26.126+0000] {taskinstance.py:2076} INFO - Dependencies all met for dep_context=non-requeueable deps ti=<TaskInstance: hospital_dw_batch_pipeline.process_pyspark_layer3 manual__2026-08-09T08:30:23.733300+00:00 [queued]>
[2026-08-09T08:30:26.147+0000] {taskinstance.py:2076} INFO - Dependencies all met for dep_context=requeueable deps ti=<TaskInstance: hospital_dw_batch_pipeline.process_pyspark_layer3 manual__2026-08-09T08:30:23.733300+00:00 [queued]>
[2026-08-09T08:30:26.149+0000] {taskinstance.py:2306} INFO - Starting attempt 1 of 1
[2026-08-09T08:30:26.167+0000] {taskinstance.py:2330} INFO - Executing <Task(PythonOperator): process_pyspark_layer3> on 2026-08-09 08:30:23.733300+00:00
[2026-08-09T08:30:26.176+0000] {standard_task_runner.py:90} INFO - Running: ['airflow', 'tasks', 'run', 'hospital_dw_batch_pipeline', 'process_pyspark_layer3', 'manual__2026-08-09T08:30:23.733300+00:00', '--job-id', '7', '--raw', '--subdir', 'DAGS_FOLDER/hospital_dw_pipeline.py', '--cfg-path', '/tmp/tmpkbba35g_']
[2026-08-09T08:30:26.179+0000] {logging_mixin.py:188} WARNING - /home/airflow/.local/lib/python3.12/site-packages/airflow/task/task_runner/standard_task_runner.py:62 DeprecationWarning: This process (pid=657) is multi-threaded, use of fork() may lead to deadlocks in the child.
[2026-08-09T08:30:26.180+0000] {standard_task_runner.py:91} INFO - Job 7: Subtask process_pyspark_layer3
[2026-08-09T08:30:26.180+0000] {standard_task_runner.py:64} INFO - Started process 658 to run task
[2026-08-09T08:30:26.352+0000] {task_command.py:426} INFO - Running <TaskInstance: hospital_dw_batch_pipeline.process_pyspark_layer3 manual__2026-08-09T08:30:23.733300+00:00 [running]> on host 72934859ffda
[2026-08-09T08:30:26.482+0000] {taskinstance.py:2648} INFO - Exporting env vars: AIRFLOW_CTX_DAG_OWNER='airflow' AIRFLOW_CTX_DAG_ID='hospital_dw_batch_pipeline' AIRFLOW_CTX_TASK_ID='process_pyspark_layer3' AIRFLOW_CTX_EXECUTION_DATE='2026-08-09T08:30:23.733300+00:00' AIRFLOW_CTX_TRY_NUMBER='1' AIRFLOW_CTX_DAG_RUN_ID='manual__2026-08-09T08:30:23.733300+00:00'
[2026-08-09T08:30:26.484+0000] {taskinstance.py:430} INFO - ::endgroup::
[2026-08-09T08:30:26.578+0000] {logging_mixin.py:188} INFO - Dang chay lenh: /opt/spark/bin/spark-submit --master spark://spark-master:7077 --conf spark.jars.ivy=/tmp/.ivy2 --packages org.apache.hadoop:hadoop-aws:3.3.4,com.amazonaws:aws-java-sdk-bundle:1.12.262 /opt/spark-jobs/process_hospital_dw.py
[2026-08-09T08:31:51.990+0000] {logging_mixin.py:188} INFO - :: loading settings :: url = jar:file:/opt/spark/jars/ivy-2.5.1.jar!/org/apache/ivy/core/settings/ivysettings.xml
Ivy Default Cache set to: /tmp/.ivy2/cache
The jars for the packages stored in: /tmp/.ivy2/jars
org.apache.hadoop#hadoop-aws added as a dependency
com.amazonaws#aws-java-sdk-bundle added as a dependency
:: resolving dependencies :: org.apache.spark#spark-submit-parent-bd4c9d1f-894e-4f56-a3ab-220b1e7f3e42;1.0
	confs: [default]
	found org.apache.hadoop#hadoop-aws;3.3.4 in central
	found com.amazonaws#aws-java-sdk-bundle;1.12.262 in central
	found org.wildfly.openssl#wildfly-openssl;1.0.7.Final in central
downloading https://repo1.maven.org/maven2/org/apache/hadoop/hadoop-aws/3.3.4/hadoop-aws-3.3.4.jar ...
	[SUCCESSFUL ] org.apache.hadoop#hadoop-aws;3.3.4!hadoop-aws.jar (270ms)
downloading https://repo1.maven.org/maven2/com/amazonaws/aws-java-sdk-bundle/1.12.262/aws-java-sdk-bundle-1.12.262.jar ...
	[SUCCESSFUL ] com.amazonaws#aws-java-sdk-bundle;1.12.262!aws-java-sdk-bundle.jar (26139ms)
downloading https://repo1.maven.org/maven2/org/wildfly/openssl/wildfly-openssl/1.0.7.Final/wildfly-openssl-1.0.7.Final.jar ...
	[SUCCESSFUL ] org.wildfly.openssl#wildfly-openssl;1.0.7.Final!wildfly-openssl.jar (134ms)
:: resolution report :: resolve 5458ms :: artifacts dl 26547ms
	:: modules in use:
	com.amazonaws#aws-java-sdk-bundle;1.12.262 from central in [default]
	org.apache.hadoop#hadoop-aws;3.3.4 from central in [default]
	org.wildfly.openssl#wildfly-openssl;1.0.7.Final from central in [default]
	---------------------------------------------------------------------
	|                  |            modules            ||   artifacts   |
	|       conf       | number| search|dwnlded|evicted|| number|dwnlded|
	---------------------------------------------------------------------
	|      default     |   3   |   3   |   3   |   0   ||   3   |   3   |
	---------------------------------------------------------------------
:: retrieving :: org.apache.spark#spark-submit-parent-bd4c9d1f-894e-4f56-a3ab-220b1e7f3e42
	confs: [default]
	3 artifacts copied, 0 already retrieved (275421kB/2892ms)
26/08/09 08:31:04 WARN NativeCodeLoader: Unable to load native-hadoop library for your platform... using builtin-java classes where applicable
26/08/09 08:31:06 INFO SparkContext: Running Spark version 3.5.1
26/08/09 08:31:06 INFO SparkContext: OS info Linux, 6.18.33.2-microsoft-standard-WSL2, amd64
26/08/09 08:31:06 INFO SparkContext: Java version 11.0.22
26/08/09 08:31:06 INFO ResourceUtils: ==============================================================
26/08/09 08:31:06 INFO ResourceUtils: No custom resources configured for spark.driver.
26/08/09 08:31:06 INFO ResourceUtils: ==============================================================
26/08/09 08:31:06 INFO SparkContext: Submitted application: HospitalDW-Layer3-Processing
26/08/09 08:31:06 INFO ResourceProfile: Default ResourceProfile created, executor resources: Map(memory -> name: memory, amount: 1024, script: , vendor: , offHeap -> name: offHeap, amount: 0, script: , vendor: ), task resources: Map(cpus -> name: cpus, amount: 1.0)
26/08/09 08:31:06 INFO ResourceProfile: Limiting resource is cpu
26/08/09 08:31:06 INFO ResourceProfileManager: Added ResourceProfile id: 0
26/08/09 08:31:06 INFO SecurityManager: Changing view acls to: spark
26/08/09 08:31:06 INFO SecurityManager: Changing modify acls to: spark
26/08/09 08:31:06 INFO SecurityManager: Changing view acls groups to: 
26/08/09 08:31:06 INFO SecurityManager: Changing modify acls groups to: 
26/08/09 08:31:06 INFO SecurityManager: SecurityManager: authentication disabled; ui acls disabled; users with view permissions: spark; groups with view permissions: EMPTY; users with modify permissions: spark; groups with modify permissions: EMPTY
26/08/09 08:31:06 INFO Utils: Successfully started service 'sparkDriver' on port 43691.
26/08/09 08:31:06 INFO SparkEnv: Registering MapOutputTracker
26/08/09 08:31:06 INFO SparkEnv: Registering BlockManagerMaster
26/08/09 08:31:06 INFO BlockManagerMasterEndpoint: Using org.apache.spark.storage.DefaultTopologyMapper for getting topology information
26/08/09 08:31:06 INFO BlockManagerMasterEndpoint: BlockManagerMasterEndpoint up
26/08/09 08:31:06 INFO SparkEnv: Registering BlockManagerMasterHeartbeat
26/08/09 08:31:06 INFO DiskBlockManager: Created local directory at /tmp/blockmgr-07ee1eb1-74fb-4fe5-ae04-32272adf6e3c
26/08/09 08:31:06 INFO MemoryStore: MemoryStore started with capacity 434.4 MiB
26/08/09 08:31:06 INFO SparkEnv: Registering OutputCommitCoordinator
26/08/09 08:31:06 INFO JettyUtils: Start Jetty 0.0.0.0:4040 for SparkUI
26/08/09 08:31:07 INFO Utils: Successfully started service 'SparkUI' on port 4040.
26/08/09 08:31:07 INFO SparkContext: Added JAR file:///tmp/.ivy2/jars/org.apache.hadoop_hadoop-aws-3.3.4.jar at spark://16bfa56c2714:43691/jars/org.apache.hadoop_hadoop-aws-3.3.4.jar with timestamp 1786264266092
26/08/09 08:31:07 INFO SparkContext: Added JAR file:///tmp/.ivy2/jars/com.amazonaws_aws-java-sdk-bundle-1.12.262.jar at spark://16bfa56c2714:43691/jars/com.amazonaws_aws-java-sdk-bundle-1.12.262.jar with timestamp 1786264266092
26/08/09 08:31:07 INFO SparkContext: Added JAR file:///tmp/.ivy2/jars/org.wildfly.openssl_wildfly-openssl-1.0.7.Final.jar at spark://16bfa56c2714:43691/jars/org.wildfly.openssl_wildfly-openssl-1.0.7.Final.jar with timestamp 1786264266092
26/08/09 08:31:07 INFO SparkContext: Added file file:///tmp/.ivy2/jars/org.apache.hadoop_hadoop-aws-3.3.4.jar at spark://16bfa56c2714:43691/files/org.apache.hadoop_hadoop-aws-3.3.4.jar with timestamp 1786264266092
26/08/09 08:31:07 INFO Utils: Copying /tmp/.ivy2/jars/org.apache.hadoop_hadoop-aws-3.3.4.jar to /tmp/spark-17702622-9583-41dd-966a-959a0077a71e/userFiles-1afce37c-67c6-4f0d-bde5-58f18ff6bc3d/org.apache.hadoop_hadoop-aws-3.3.4.jar
26/08/09 08:31:07 INFO SparkContext: Added file file:///tmp/.ivy2/jars/com.amazonaws_aws-java-sdk-bundle-1.12.262.jar at spark://16bfa56c2714:43691/files/com.amazonaws_aws-java-sdk-bundle-1.12.262.jar with timestamp 1786264266092
26/08/09 08:31:07 INFO Utils: Copying /tmp/.ivy2/jars/com.amazonaws_aws-java-sdk-bundle-1.12.262.jar to /tmp/spark-17702622-9583-41dd-966a-959a0077a71e/userFiles-1afce37c-67c6-4f0d-bde5-58f18ff6bc3d/com.amazonaws_aws-java-sdk-bundle-1.12.262.jar
26/08/09 08:31:09 INFO SparkContext: Added file file:///tmp/.ivy2/jars/org.wildfly.openssl_wildfly-openssl-1.0.7.Final.jar at spark://16bfa56c2714:43691/files/org.wildfly.openssl_wildfly-openssl-1.0.7.Final.jar with timestamp 1786264266092
26/08/09 08:31:09 INFO Utils: Copying /tmp/.ivy2/jars/org.wildfly.openssl_wildfly-openssl-1.0.7.Final.jar to /tmp/spark-17702622-9583-41dd-966a-959a0077a71e/userFiles-1afce37c-67c6-4f0d-bde5-58f18ff6bc3d/org.wildfly.openssl_wildfly-openssl-1.0.7.Final.jar
26/08/09 08:31:09 INFO StandaloneAppClient$ClientEndpoint: Connecting to master spark://spark-master:7077...
26/08/09 08:31:09 INFO TransportClientFactory: Successfully created connection to spark-master/172.18.0.5:7077 after 46 ms (0 ms spent in bootstraps)
26/08/09 08:31:10 INFO StandaloneSchedulerBackend: Connected to Spark cluster with app ID app-20260809083110-0000
26/08/09 08:31:10 INFO Utils: Successfully started service 'org.apache.spark.network.netty.NettyBlockTransferService' on port 44105.
26/08/09 08:31:10 INFO NettyBlockTransferService: Server created on 16bfa56c2714:44105
26/08/09 08:31:10 INFO BlockManager: Using org.apache.spark.storage.RandomBlockReplicationPolicy for block replication policy
26/08/09 08:31:10 INFO StandaloneAppClient$ClientEndpoint: Executor added: app-20260809083110-0000/0 on worker-20260809075400-172.18.0.10-38235 (172.18.0.10:38235) with 2 core(s)
26/08/09 08:31:10 INFO StandaloneSchedulerBackend: Granted executor ID app-20260809083110-0000/0 on hostPort 172.18.0.10:38235 with 2 core(s), 1024.0 MiB RAM
26/08/09 08:31:10 INFO BlockManagerMaster: Registering BlockManager BlockManagerId(driver, 16bfa56c2714, 44105, None)
26/08/09 08:31:11 INFO BlockManagerMasterEndpoint: Registering block manager 16bfa56c2714:44105 with 434.4 MiB RAM, BlockManagerId(driver, 16bfa56c2714, 44105, None)
26/08/09 08:31:11 INFO BlockManagerMaster: Registered BlockManager BlockManagerId(driver, 16bfa56c2714, 44105, None)
26/08/09 08:31:11 INFO BlockManager: Initialized BlockManager: BlockManagerId(driver, 16bfa56c2714, 44105, None)
26/08/09 08:31:11 INFO StandaloneSchedulerBackend: SchedulerBackend is ready for scheduling beginning after reached minRegisteredResourcesRatio: 0.0
26/08/09 08:31:11 INFO StandaloneAppClient$ClientEndpoint: Executor updated: app-20260809083110-0000/0 is now RUNNING
26/08/09 08:31:12 WARN MetricsConfig: Cannot locate configuration: tried hadoop-metrics2-s3a-file-system.properties,hadoop-metrics2.properties
Da doc 101766 dong tu diabetic_data.csv
26/08/09 08:31:27 WARN WindowExec: No Partition Defined for Window operation! Moving all data to a single partition, this can cause serious performance degradation.
26/08/09 08:31:27 WARN WindowExec: No Partition Defined for Window operation! Moving all data to a single partition, this can cause serious performance degradation.
26/08/09 08:31:28 WARN WindowExec: No Partition Defined for Window operation! Moving all data to a single partition, this can cause serious performance degradation.
26/08/09 08:31:28 WARN WindowExec: No Partition Defined for Window operation! Moving all data to a single partition, this can cause serious performance degradation.
26/08/09 08:31:29 WARN WindowExec: No Partition Defined for Window operation! Moving all data to a single partition, this can cause serious performance degradation.
26/08/09 08:31:29 WARN WindowExec: No Partition Defined for Window operation! Moving all data to a single partition, this can cause serious performance degradation.
26/08/09 08:31:30 WARN WindowExec: No Partition Defined for Window operation! Moving all data to a single partition, this can cause serious performance degradation.
26/08/09 08:31:30 WARN WindowExec: No Partition Defined for Window operation! Moving all data to a single partition, this can cause serious performance degradation.
KIEM TRA: du lieu sau lam sach co 100114 dong, fact_admission co 100114 dong
HOAN TAT tang 3. Da ghi 1 fact + 4 dimension vao hospital-curated/
  fact_admission: 100114 dong
  dim_patient   : 70439 dong
  dim_department: 73 dong
  dim_diagnosis : 2088 dong
  dim_date      : 3664 dong
[2026-08-09T08:31:51.993+0000] {logging_mixin.py:188} INFO - Hoan tat: /opt/spark-jobs/process_hospital_dw.py
[2026-08-09T08:31:51.994+0000] {python.py:237} INFO - Done. Returned value was: None
[2026-08-09T08:31:51.995+0000] {taskinstance.py:441} INFO - ::group::Post task execution logs
[2026-08-09T08:31:52.015+0000] {taskinstance.py:1206} INFO - Marking task as SUCCESS. dag_id=hospital_dw_batch_pipeline, task_id=process_pyspark_layer3, run_id=manual__2026-08-09T08:30:23.733300+00:00, execution_date=20260809T083023, start_date=20260809T083026, end_date=20260809T083152
[2026-08-09T08:31:52.044+0000] {local_task_job_runner.py:243} INFO - Task exited with return code 0
[2026-08-09T08:31:52.087+0000] {taskinstance.py:3503} INFO - 1 downstream tasks scheduled from follow-on schedule check
[2026-08-09T08:31:52.091+0000] {local_task_job_runner.py:222} INFO - ::endgroup::
