[2026-08-09T08:31:55.453+0000] {local_task_job_runner.py:120} INFO - ::group::Pre task execution logs
[2026-08-09T08:31:55.840+0000] {taskinstance.py:2076} INFO - Dependencies all met for dep_context=non-requeueable deps ti=<TaskInstance: hospital_dw_batch_pipeline.load_postgres_layer5 manual__2026-08-09T08:30:23.733300+00:00 [queued]>
[2026-08-09T08:31:55.878+0000] {taskinstance.py:2076} INFO - Dependencies all met for dep_context=requeueable deps ti=<TaskInstance: hospital_dw_batch_pipeline.load_postgres_layer5 manual__2026-08-09T08:30:23.733300+00:00 [queued]>
[2026-08-09T08:31:55.880+0000] {taskinstance.py:2306} INFO - Starting attempt 1 of 1
[2026-08-09T08:31:55.923+0000] {taskinstance.py:2330} INFO - Executing <Task(PythonOperator): load_postgres_layer5> on 2026-08-09 08:30:23.733300+00:00
[2026-08-09T08:31:55.935+0000] {standard_task_runner.py:90} INFO - Running: ['airflow', 'tasks', 'run', 'hospital_dw_batch_pipeline', 'load_postgres_layer5', 'manual__2026-08-09T08:30:23.733300+00:00', '--job-id', '8', '--raw', '--subdir', 'DAGS_FOLDER/hospital_dw_pipeline.py', '--cfg-path', '/tmp/tmpf9a7aznp']
[2026-08-09T08:31:55.939+0000] {standard_task_runner.py:91} INFO - Job 8: Subtask load_postgres_layer5
[2026-08-09T08:31:55.945+0000] {logging_mixin.py:188} WARNING - /home/airflow/.local/lib/python3.12/site-packages/airflow/task/task_runner/standard_task_runner.py:62 DeprecationWarning: This process (pid=669) is multi-threaded, use of fork() may lead to deadlocks in the child.
[2026-08-09T08:31:55.948+0000] {standard_task_runner.py:64} INFO - Started process 675 to run task
[2026-08-09T08:31:56.056+0000] {task_command.py:426} INFO - Running <TaskInstance: hospital_dw_batch_pipeline.load_postgres_layer5 manual__2026-08-09T08:30:23.733300+00:00 [running]> on host 72934859ffda
[2026-08-09T08:31:56.313+0000] {taskinstance.py:2648} INFO - Exporting env vars: AIRFLOW_CTX_DAG_OWNER='airflow' AIRFLOW_CTX_DAG_ID='hospital_dw_batch_pipeline' AIRFLOW_CTX_TASK_ID='load_postgres_layer5' AIRFLOW_CTX_EXECUTION_DATE='2026-08-09T08:30:23.733300+00:00' AIRFLOW_CTX_TRY_NUMBER='1' AIRFLOW_CTX_DAG_RUN_ID='manual__2026-08-09T08:30:23.733300+00:00'
[2026-08-09T08:31:56.317+0000] {taskinstance.py:430} INFO - ::endgroup::
[2026-08-09T08:31:56.575+0000] {logging_mixin.py:188} INFO - Dang chay lenh: /opt/spark/bin/spark-submit --master spark://spark-master:7077 --conf spark.jars.ivy=/tmp/.ivy2 --packages org.apache.hadoop:hadoop-aws:3.3.4,com.amazonaws:aws-java-sdk-bundle:1.12.262,org.postgresql:postgresql:42.7.3 /opt/spark-jobs/load_to_postgres.py
[2026-08-09T08:32:15.468+0000] {logging_mixin.py:188} INFO - :: loading settings :: url = jar:file:/opt/spark/jars/ivy-2.5.1.jar!/org/apache/ivy/core/settings/ivysettings.xml
Ivy Default Cache set to: /tmp/.ivy2/cache
The jars for the packages stored in: /tmp/.ivy2/jars
org.apache.hadoop#hadoop-aws added as a dependency
com.amazonaws#aws-java-sdk-bundle added as a dependency
org.postgresql#postgresql added as a dependency
:: resolving dependencies :: org.apache.spark#spark-submit-parent-9097871b-5107-482f-9085-244eaadb2012;1.0
	confs: [default]
	found org.apache.hadoop#hadoop-aws;3.3.4 in central
	found com.amazonaws#aws-java-sdk-bundle;1.12.262 in central
	found org.wildfly.openssl#wildfly-openssl;1.0.7.Final in central
	found org.postgresql#postgresql;42.7.3 in central
	found org.checkerframework#checker-qual;3.42.0 in central
downloading https://repo1.maven.org/maven2/org/postgresql/postgresql/42.7.3/postgresql-42.7.3.jar ...
	[SUCCESSFUL ] org.postgresql#postgresql;42.7.3!postgresql.jar (409ms)
downloading https://repo1.maven.org/maven2/org/checkerframework/checker-qual/3.42.0/checker-qual-3.42.0.jar ...
	[SUCCESSFUL ] org.checkerframework#checker-qual;3.42.0!checker-qual.jar (146ms)
:: resolution report :: resolve 957ms :: artifacts dl 564ms
	:: modules in use:
	com.amazonaws#aws-java-sdk-bundle;1.12.262 from central in [default]
	org.apache.hadoop#hadoop-aws;3.3.4 from central in [default]
	org.checkerframework#checker-qual;3.42.0 from central in [default]
	org.postgresql#postgresql;42.7.3 from central in [default]
	org.wildfly.openssl#wildfly-openssl;1.0.7.Final from central in [default]
	---------------------------------------------------------------------
	|                  |            modules            ||   artifacts   |
	|       conf       | number| search|dwnlded|evicted|| number|dwnlded|
	---------------------------------------------------------------------
	|      default     |   5   |   2   |   2   |   0   ||   5   |   2   |
	---------------------------------------------------------------------
:: retrieving :: org.apache.spark#spark-submit-parent-9097871b-5107-482f-9085-244eaadb2012
	confs: [default]
	2 artifacts copied, 3 already retrieved (1289kB/26ms)
26/08/09 08:32:01 WARN NativeCodeLoader: Unable to load native-hadoop library for your platform... using builtin-java classes where applicable
26/08/09 08:32:01 INFO SparkContext: Running Spark version 3.5.1
26/08/09 08:32:01 INFO SparkContext: OS info Linux, 6.18.33.2-microsoft-standard-WSL2, amd64
26/08/09 08:32:01 INFO SparkContext: Java version 11.0.22
26/08/09 08:32:01 INFO ResourceUtils: ==============================================================
26/08/09 08:32:01 INFO ResourceUtils: No custom resources configured for spark.driver.
26/08/09 08:32:01 INFO ResourceUtils: ==============================================================
26/08/09 08:32:01 INFO SparkContext: Submitted application: HospitalDW-Layer5-LoadToPostgres
26/08/09 08:32:02 INFO ResourceProfile: Default ResourceProfile created, executor resources: Map(memory -> name: memory, amount: 1024, script: , vendor: , offHeap -> name: offHeap, amount: 0, script: , vendor: ), task resources: Map(cpus -> name: cpus, amount: 1.0)
26/08/09 08:32:02 INFO ResourceProfile: Limiting resource is cpu
26/08/09 08:32:02 INFO ResourceProfileManager: Added ResourceProfile id: 0
26/08/09 08:32:02 INFO SecurityManager: Changing view acls to: spark
26/08/09 08:32:02 INFO SecurityManager: Changing modify acls to: spark
26/08/09 08:32:02 INFO SecurityManager: Changing view acls groups to: 
26/08/09 08:32:02 INFO SecurityManager: Changing modify acls groups to: 
26/08/09 08:32:02 INFO SecurityManager: SecurityManager: authentication disabled; ui acls disabled; users with view permissions: spark; groups with view permissions: EMPTY; users with modify permissions: spark; groups with modify permissions: EMPTY
26/08/09 08:32:02 INFO Utils: Successfully started service 'sparkDriver' on port 42107.
26/08/09 08:32:02 INFO SparkEnv: Registering MapOutputTracker
26/08/09 08:32:02 INFO SparkEnv: Registering BlockManagerMaster
26/08/09 08:32:02 INFO BlockManagerMasterEndpoint: Using org.apache.spark.storage.DefaultTopologyMapper for getting topology information
26/08/09 08:32:02 INFO BlockManagerMasterEndpoint: BlockManagerMasterEndpoint up
26/08/09 08:32:02 INFO SparkEnv: Registering BlockManagerMasterHeartbeat
26/08/09 08:32:02 INFO DiskBlockManager: Created local directory at /tmp/blockmgr-de1db5ac-caba-4716-a651-626976848347
26/08/09 08:32:02 INFO MemoryStore: MemoryStore started with capacity 434.4 MiB
26/08/09 08:32:02 INFO SparkEnv: Registering OutputCommitCoordinator
26/08/09 08:32:02 INFO JettyUtils: Start Jetty 0.0.0.0:4040 for SparkUI
26/08/09 08:32:02 INFO Utils: Successfully started service 'SparkUI' on port 4040.
26/08/09 08:32:02 INFO SparkContext: Added JAR file:///tmp/.ivy2/jars/org.apache.hadoop_hadoop-aws-3.3.4.jar at spark://16bfa56c2714:42107/jars/org.apache.hadoop_hadoop-aws-3.3.4.jar with timestamp 1786264321970
26/08/09 08:32:02 INFO SparkContext: Added JAR file:///tmp/.ivy2/jars/com.amazonaws_aws-java-sdk-bundle-1.12.262.jar at spark://16bfa56c2714:42107/jars/com.amazonaws_aws-java-sdk-bundle-1.12.262.jar with timestamp 1786264321970
26/08/09 08:32:02 INFO SparkContext: Added JAR file:///tmp/.ivy2/jars/org.postgresql_postgresql-42.7.3.jar at spark://16bfa56c2714:42107/jars/org.postgresql_postgresql-42.7.3.jar with timestamp 1786264321970
26/08/09 08:32:02 INFO SparkContext: Added JAR file:///tmp/.ivy2/jars/org.wildfly.openssl_wildfly-openssl-1.0.7.Final.jar at spark://16bfa56c2714:42107/jars/org.wildfly.openssl_wildfly-openssl-1.0.7.Final.jar with timestamp 1786264321970
26/08/09 08:32:02 INFO SparkContext: Added JAR file:///tmp/.ivy2/jars/org.checkerframework_checker-qual-3.42.0.jar at spark://16bfa56c2714:42107/jars/org.checkerframework_checker-qual-3.42.0.jar with timestamp 1786264321970
26/08/09 08:32:02 INFO SparkContext: Added file file:///tmp/.ivy2/jars/org.apache.hadoop_hadoop-aws-3.3.4.jar at spark://16bfa56c2714:42107/files/org.apache.hadoop_hadoop-aws-3.3.4.jar with timestamp 1786264321970
26/08/09 08:32:02 INFO Utils: Copying /tmp/.ivy2/jars/org.apache.hadoop_hadoop-aws-3.3.4.jar to /tmp/spark-6ec627e4-e9cf-4f64-9cf3-1efcc24f6e06/userFiles-5669ecbc-f41a-4346-a1d5-27782f5eca70/org.apache.hadoop_hadoop-aws-3.3.4.jar
26/08/09 08:32:02 INFO SparkContext: Added file file:///tmp/.ivy2/jars/com.amazonaws_aws-java-sdk-bundle-1.12.262.jar at spark://16bfa56c2714:42107/files/com.amazonaws_aws-java-sdk-bundle-1.12.262.jar with timestamp 1786264321970
26/08/09 08:32:02 INFO Utils: Copying /tmp/.ivy2/jars/com.amazonaws_aws-java-sdk-bundle-1.12.262.jar to /tmp/spark-6ec627e4-e9cf-4f64-9cf3-1efcc24f6e06/userFiles-5669ecbc-f41a-4346-a1d5-27782f5eca70/com.amazonaws_aws-java-sdk-bundle-1.12.262.jar
26/08/09 08:32:04 INFO SparkContext: Added file file:///tmp/.ivy2/jars/org.postgresql_postgresql-42.7.3.jar at spark://16bfa56c2714:42107/files/org.postgresql_postgresql-42.7.3.jar with timestamp 1786264321970
26/08/09 08:32:04 INFO Utils: Copying /tmp/.ivy2/jars/org.postgresql_postgresql-42.7.3.jar to /tmp/spark-6ec627e4-e9cf-4f64-9cf3-1efcc24f6e06/userFiles-5669ecbc-f41a-4346-a1d5-27782f5eca70/org.postgresql_postgresql-42.7.3.jar
26/08/09 08:32:04 INFO SparkContext: Added file file:///tmp/.ivy2/jars/org.wildfly.openssl_wildfly-openssl-1.0.7.Final.jar at spark://16bfa56c2714:42107/files/org.wildfly.openssl_wildfly-openssl-1.0.7.Final.jar with timestamp 1786264321970
26/08/09 08:32:04 INFO Utils: Copying /tmp/.ivy2/jars/org.wildfly.openssl_wildfly-openssl-1.0.7.Final.jar to /tmp/spark-6ec627e4-e9cf-4f64-9cf3-1efcc24f6e06/userFiles-5669ecbc-f41a-4346-a1d5-27782f5eca70/org.wildfly.openssl_wildfly-openssl-1.0.7.Final.jar
26/08/09 08:32:04 INFO SparkContext: Added file file:///tmp/.ivy2/jars/org.checkerframework_checker-qual-3.42.0.jar at spark://16bfa56c2714:42107/files/org.checkerframework_checker-qual-3.42.0.jar with timestamp 1786264321970
26/08/09 08:32:04 INFO Utils: Copying /tmp/.ivy2/jars/org.checkerframework_checker-qual-3.42.0.jar to /tmp/spark-6ec627e4-e9cf-4f64-9cf3-1efcc24f6e06/userFiles-5669ecbc-f41a-4346-a1d5-27782f5eca70/org.checkerframework_checker-qual-3.42.0.jar
26/08/09 08:32:04 INFO StandaloneAppClient$ClientEndpoint: Connecting to master spark://spark-master:7077...
26/08/09 08:32:04 INFO TransportClientFactory: Successfully created connection to spark-master/172.18.0.5:7077 after 23 ms (0 ms spent in bootstraps)
26/08/09 08:32:04 INFO StandaloneSchedulerBackend: Connected to Spark cluster with app ID app-20260809083204-0001
26/08/09 08:32:04 INFO StandaloneAppClient$ClientEndpoint: Executor added: app-20260809083204-0001/0 on worker-20260809075400-172.18.0.10-38235 (172.18.0.10:38235) with 2 core(s)
26/08/09 08:32:04 INFO StandaloneSchedulerBackend: Granted executor ID app-20260809083204-0001/0 on hostPort 172.18.0.10:38235 with 2 core(s), 1024.0 MiB RAM
26/08/09 08:32:04 INFO Utils: Successfully started service 'org.apache.spark.network.netty.NettyBlockTransferService' on port 44953.
26/08/09 08:32:04 INFO NettyBlockTransferService: Server created on 16bfa56c2714:44953
26/08/09 08:32:04 INFO BlockManager: Using org.apache.spark.storage.RandomBlockReplicationPolicy for block replication policy
26/08/09 08:32:04 INFO BlockManagerMaster: Registering BlockManager BlockManagerId(driver, 16bfa56c2714, 44953, None)
26/08/09 08:32:04 INFO BlockManagerMasterEndpoint: Registering block manager 16bfa56c2714:44953 with 434.4 MiB RAM, BlockManagerId(driver, 16bfa56c2714, 44953, None)
26/08/09 08:32:04 INFO BlockManagerMaster: Registered BlockManager BlockManagerId(driver, 16bfa56c2714, 44953, None)
26/08/09 08:32:04 INFO BlockManager: Initialized BlockManager: BlockManagerId(driver, 16bfa56c2714, 44953, None)
26/08/09 08:32:04 INFO StandaloneSchedulerBackend: SchedulerBackend is ready for scheduling beginning after reached minRegisteredResourcesRatio: 0.0
26/08/09 08:32:04 INFO StandaloneAppClient$ClientEndpoint: Executor updated: app-20260809083204-0001/0 is now RUNNING
Dang doc fact_admission tu MinIO...
26/08/09 08:32:05 WARN MetricsConfig: Cannot locate configuration: tried hadoop-metrics2-s3a-file-system.properties,hadoop-metrics2.properties
Dang ghi 100114 dong vao Postgres bang 'fact_admission'...
Traceback (most recent call last):
  File "/opt/spark-jobs/load_to_postgres.py", line 54, in <module>
    df.write.mode("overwrite")
  File "/opt/spark/python/lib/pyspark.zip/pyspark/sql/readwriter.py", line 1984, in jdbc
  File "/opt/spark/python/lib/py4j-0.10.9.7-src.zip/py4j/java_gateway.py", line 1322, in __call__
  File "/opt/spark/python/lib/pyspark.zip/pyspark/errors/exceptions/captured.py", line 179, in deco
  File "/opt/spark/python/lib/py4j-0.10.9.7-src.zip/py4j/protocol.py", line 326, in get_return_value
py4j.protocol.Py4JJavaError: An error occurred while calling o45.jdbc.
: org.postgresql.util.PSQLException: ERROR: cannot drop table fact_admission because other objects depend on it
  Detail: view stg_fact_admission depends on table fact_admission
  Hint: Use DROP ... CASCADE to drop the dependent objects too.
	at org.postgresql.core.v3.QueryExecutorImpl.receiveErrorResponse(QueryExecutorImpl.java:2725)
	at org.postgresql.core.v3.QueryExecutorImpl.processResults(QueryExecutorImpl.java:2412)
	at org.postgresql.core.v3.QueryExecutorImpl.execute(QueryExecutorImpl.java:371)
	at org.postgresql.jdbc.PgStatement.executeInternal(PgStatement.java:502)
	at org.postgresql.jdbc.PgStatement.execute(PgStatement.java:419)
	at org.postgresql.jdbc.PgStatement.executeWithFlags(PgStatement.java:341)
	at org.postgresql.jdbc.PgStatement.executeCachedSql(PgStatement.java:326)
	at org.postgresql.jdbc.PgStatement.executeWithFlags(PgStatement.java:302)
	at org.postgresql.jdbc.PgStatement.executeUpdate(PgStatement.java:275)
	at org.apache.spark.sql.execution.datasources.jdbc.JdbcUtils$.executeStatement(JdbcUtils.scala:1094)
	at org.apache.spark.sql.execution.datasources.jdbc.JdbcUtils$.dropTable(JdbcUtils.scala:81)
	at org.apache.spark.sql.execution.datasources.jdbc.JdbcRelationProvider.createRelation(JdbcRelationProvider.scala:63)
	at org.apache.spark.sql.execution.datasources.SaveIntoDataSourceCommand.run(SaveIntoDataSourceCommand.scala:48)
	at org.apache.spark.sql.execution.command.ExecutedCommandExec.sideEffectResult$lzycompute(commands.scala:75)
	at org.apache.spark.sql.execution.command.ExecutedCommandExec.sideEffectResult(commands.scala:73)
	at org.apache.spark.sql.execution.command.ExecutedCommandExec.executeCollect(commands.scala:84)
	at org.apache.spark.sql.execution.QueryExecution$$anonfun$eagerlyExecuteCommands$1.$anonfun$applyOrElse$1(QueryExecution.scala:107)
	at org.apache.spark.sql.execution.SQLExecution$.$anonfun$withNewExecutionId$6(SQLExecution.scala:125)
	at org.apache.spark.sql.execution.SQLExecution$.withSQLConfPropagated(SQLExecution.scala:201)
	at org.apache.spark.sql.execution.SQLExecution$.$anonfun$withNewExecutionId$1(SQLExecution.scala:108)
	at org.apache.spark.sql.SparkSession.withActive(SparkSession.scala:900)
	at org.apache.spark.sql.execution.SQLExecution$.withNewExecutionId(SQLExecution.scala:66)
	at org.apache.spark.sql.execution.QueryExecution$$anonfun$eagerlyExecuteCommands$1.applyOrElse(QueryExecution.scala:107)
	at org.apache.spark.sql.execution.QueryExecution$$anonfun$eagerlyExecuteCommands$1.applyOrElse(QueryExecution.scala:98)
	at org.apache.spark.sql.catalyst.trees.TreeNode.$anonfun$transformDownWithPruning$1(TreeNode.scala:461)
	at org.apache.spark.sql.catalyst.trees.CurrentOrigin$.withOrigin(origin.scala:76)
	at org.apache.spark.sql.catalyst.trees.TreeNode.transformDownWithPruning(TreeNode.scala:461)
	at org.apache.spark.sql.catalyst.plans.logical.LogicalPlan.org$apache$spark$sql$catalyst$plans$logical$AnalysisHelper$$super$transformDownWithPruning(LogicalPlan.scala:32)
	at org.apache.spark.sql.catalyst.plans.logical.AnalysisHelper.transformDownWithPruning(AnalysisHelper.scala:267)
	at org.apache.spark.sql.catalyst.plans.logical.AnalysisHelper.transformDownWithPruning$(AnalysisHelper.scala:263)
	at org.apache.spark.sql.catalyst.plans.logical.LogicalPlan.transformDownWithPruning(LogicalPlan.scala:32)
	at org.apache.spark.sql.catalyst.plans.logical.LogicalPlan.transformDownWithPruning(LogicalPlan.scala:32)
	at org.apache.spark.sql.catalyst.trees.TreeNode.transformDown(TreeNode.scala:437)
	at org.apache.spark.sql.execution.QueryExecution.eagerlyExecuteCommands(QueryExecution.scala:98)
	at org.apache.spark.sql.execution.QueryExecution.commandExecuted$lzycompute(QueryExecution.scala:85)
	at org.apache.spark.sql.execution.QueryExecution.commandExecuted(QueryExecution.scala:83)
	at org.apache.spark.sql.execution.QueryExecution.assertCommandExecuted(QueryExecution.scala:142)
	at org.apache.spark.sql.DataFrameWriter.runCommand(DataFrameWriter.scala:859)
	at org.apache.spark.sql.DataFrameWriter.saveToV1Source(DataFrameWriter.scala:388)
	at org.apache.spark.sql.DataFrameWriter.saveInternal(DataFrameWriter.scala:361)
	at org.apache.spark.sql.DataFrameWriter.save(DataFrameWriter.scala:248)
	at org.apache.spark.sql.DataFrameWriter.jdbc(DataFrameWriter.scala:756)
	at java.base/jdk.internal.reflect.NativeMethodAccessorImpl.invoke0(Native Method)
	at java.base/jdk.internal.reflect.NativeMethodAccessorImpl.invoke(Unknown Source)
	at java.base/jdk.internal.reflect.DelegatingMethodAccessorImpl.invoke(Unknown Source)
	at java.base/java.lang.reflect.Method.invoke(Unknown Source)
	at py4j.reflection.MethodInvoker.invoke(MethodInvoker.java:244)
	at py4j.reflection.ReflectionEngine.invoke(ReflectionEngine.java:374)
	at py4j.Gateway.invoke(Gateway.java:282)
	at py4j.commands.AbstractCommand.invokeMethod(AbstractCommand.java:132)
	at py4j.commands.CallCommand.execute(CallCommand.java:79)
	at py4j.ClientServerConnection.waitForCommands(ClientServerConnection.java:182)
	at py4j.ClientServerConnection.run(ClientServerConnection.java:106)
	at java.base/java.lang.Thread.run(Unknown Source)
[2026-08-09T08:32:15.470+0000] {taskinstance.py:441} INFO - ::group::Post task execution logs
[2026-08-09T08:32:15.472+0000] {taskinstance.py:2905} ERROR - Task failed with exception
Traceback (most recent call last):
  File "/home/airflow/.local/lib/python3.12/site-packages/airflow/models/taskinstance.py", line 465, in _execute_task
    result = _execute_callable(context=context, **execute_callable_kwargs)
             ^^^^^^^^^^^^^^^^^^^^^^^^^^^^^^^^^^^^^^^^^^^^^^^^^^^^^^^^^^^^^
  File "/home/airflow/.local/lib/python3.12/site-packages/airflow/models/taskinstance.py", line 432, in _execute_callable
    return execute_callable(context=context, **execute_callable_kwargs)
           ^^^^^^^^^^^^^^^^^^^^^^^^^^^^^^^^^^^^^^^^^^^^^^^^^^^^^^^^^^^^
  File "/home/airflow/.local/lib/python3.12/site-packages/airflow/models/baseoperator.py", line 401, in wrapper
    return func(self, *args, **kwargs)
           ^^^^^^^^^^^^^^^^^^^^^^^^^^^
  File "/home/airflow/.local/lib/python3.12/site-packages/airflow/operators/python.py", line 235, in execute
    return_value = self.execute_callable()
                   ^^^^^^^^^^^^^^^^^^^^^^^
  File "/home/airflow/.local/lib/python3.12/site-packages/airflow/operators/python.py", line 252, in execute_callable
    return self.python_callable(*self.op_args, **self.op_kwargs)
           ^^^^^^^^^^^^^^^^^^^^^^^^^^^^^^^^^^^^^^^^^^^^^^^^^^^^^
  File "/opt/airflow/dags/hospital_dw_pipeline.py", line 52, in task_load_layer5
    run_spark_submit(
  File "/opt/airflow/dags/hospital_dw_pipeline.py", line 40, in run_spark_submit
    raise RuntimeError(
RuntimeError: Spark job that bai (exit code 1) khi chay /opt/spark-jobs/load_to_postgres.py.
Xem log ben tren de biet chi tiet loi.
[2026-08-09T08:32:15.511+0000] {taskinstance.py:1206} INFO - Marking task as FAILED. dag_id=hospital_dw_batch_pipeline, task_id=load_postgres_layer5, run_id=manual__2026-08-09T08:30:23.733300+00:00, execution_date=20260809T083023, start_date=20260809T083155, end_date=20260809T083215
[2026-08-09T08:32:15.539+0000] {standard_task_runner.py:110} ERROR - Failed to execute job 8 for task load_postgres_layer5 (Spark job that bai (exit code 1) khi chay /opt/spark-jobs/load_to_postgres.py.
Xem log ben tren de biet chi tiet loi.; 675)
[2026-08-09T08:32:15.559+0000] {local_task_job_runner.py:243} INFO - Task exited with return code 1
[2026-08-09T08:32:15.591+0000] {taskinstance.py:3503} INFO - 0 downstream tasks scheduled from follow-on schedule check
[2026-08-09T08:32:15.595+0000] {local_task_job_runner.py:222} INFO - ::endgroup::
