[2026-08-09T06:50:42.832+0000] {local_task_job_runner.py:120} INFO - ::group::Pre task execution logs
[2026-08-09T06:50:42.879+0000] {taskinstance.py:2076} INFO - Dependencies all met for dep_context=non-requeueable deps ti=<TaskInstance: hospital_dw_batch_pipeline.process_pyspark_layer3 manual__2026-08-09T06:50:41.640492+00:00 [queued]>
[2026-08-09T06:50:42.892+0000] {taskinstance.py:2076} INFO - Dependencies all met for dep_context=requeueable deps ti=<TaskInstance: hospital_dw_batch_pipeline.process_pyspark_layer3 manual__2026-08-09T06:50:41.640492+00:00 [queued]>
[2026-08-09T06:50:42.894+0000] {taskinstance.py:2306} INFO - Starting attempt 1 of 1
[2026-08-09T06:50:42.918+0000] {taskinstance.py:2330} INFO - Executing <Task(PythonOperator): process_pyspark_layer3> on 2026-08-09 06:50:41.640492+00:00
[2026-08-09T06:50:42.932+0000] {standard_task_runner.py:90} INFO - Running: ['airflow', 'tasks', 'run', 'hospital_dw_batch_pipeline', 'process_pyspark_layer3', 'manual__2026-08-09T06:50:41.640492+00:00', '--job-id', '3', '--raw', '--subdir', 'DAGS_FOLDER/hospital_dw_pipeline.py', '--cfg-path', '/tmp/tmpqpyahl99']
[2026-08-09T06:50:42.939+0000] {standard_task_runner.py:91} INFO - Job 3: Subtask process_pyspark_layer3
[2026-08-09T06:50:42.939+0000] {logging_mixin.py:188} WARNING - /home/airflow/.local/lib/python3.12/site-packages/airflow/task/task_runner/standard_task_runner.py:62 DeprecationWarning: This process (pid=612) is multi-threaded, use of fork() may lead to deadlocks in the child.
[2026-08-09T06:50:42.942+0000] {standard_task_runner.py:64} INFO - Started process 613 to run task
[2026-08-09T06:50:43.048+0000] {task_command.py:426} INFO - Running <TaskInstance: hospital_dw_batch_pipeline.process_pyspark_layer3 manual__2026-08-09T06:50:41.640492+00:00 [running]> on host 1ec280b88738
[2026-08-09T06:50:43.125+0000] {taskinstance.py:2648} INFO - Exporting env vars: AIRFLOW_CTX_DAG_OWNER='airflow' AIRFLOW_CTX_DAG_ID='hospital_dw_batch_pipeline' AIRFLOW_CTX_TASK_ID='process_pyspark_layer3' AIRFLOW_CTX_EXECUTION_DATE='2026-08-09T06:50:41.640492+00:00' AIRFLOW_CTX_TRY_NUMBER='1' AIRFLOW_CTX_DAG_RUN_ID='manual__2026-08-09T06:50:41.640492+00:00'
[2026-08-09T06:50:43.127+0000] {taskinstance.py:430} INFO - ::endgroup::
[2026-08-09T06:50:43.197+0000] {logging_mixin.py:188} INFO - Dang chay lenh: /opt/spark/bin/spark-submit --master spark://spark-master:7077 --conf spark.jars.ivy=/tmp/.ivy2 --packages org.apache.hadoop:hadoop-aws:3.3.4,com.amazonaws:aws-java-sdk-bundle:1.12.262 /opt/spark-jobs/process_hospital_dw.py
[2026-08-09T06:51:49.690+0000] {logging_mixin.py:188} INFO - :: loading settings :: url = jar:file:/opt/spark/jars/ivy-2.5.1.jar!/org/apache/ivy/core/settings/ivysettings.xml
Ivy Default Cache set to: /tmp/.ivy2/cache
The jars for the packages stored in: /tmp/.ivy2/jars
org.apache.hadoop#hadoop-aws added as a dependency
com.amazonaws#aws-java-sdk-bundle added as a dependency
:: resolving dependencies :: org.apache.spark#spark-submit-parent-b98de4a2-9c81-4600-bb0c-cb8b8ca884a5;1.0
	confs: [default]
	found org.apache.hadoop#hadoop-aws;3.3.4 in central
	found com.amazonaws#aws-java-sdk-bundle;1.12.262 in central
	found org.wildfly.openssl#wildfly-openssl;1.0.7.Final in central
downloading https://repo1.maven.org/maven2/org/apache/hadoop/hadoop-aws/3.3.4/hadoop-aws-3.3.4.jar ...
	[SUCCESSFUL ] org.apache.hadoop#hadoop-aws;3.3.4!hadoop-aws.jar (257ms)
downloading https://repo1.maven.org/maven2/com/amazonaws/aws-java-sdk-bundle/1.12.262/aws-java-sdk-bundle-1.12.262.jar ...
	[SUCCESSFUL ] com.amazonaws#aws-java-sdk-bundle;1.12.262!aws-java-sdk-bundle.jar (24605ms)
downloading https://repo1.maven.org/maven2/org/wildfly/openssl/wildfly-openssl/1.0.7.Final/wildfly-openssl-1.0.7.Final.jar ...
	[SUCCESSFUL ] org.wildfly.openssl#wildfly-openssl;1.0.7.Final!wildfly-openssl.jar (141ms)
:: resolution report :: resolve 5829ms :: artifacts dl 25007ms
	:: modules in use:
	com.amazonaws#aws-java-sdk-bundle;1.12.262 from central in [default]
	org.apache.hadoop#hadoop-aws;3.3.4 from central in [default]
	org.wildfly.openssl#wildfly-openssl;1.0.7.Final from central in [default]
	---------------------------------------------------------------------
	|                  |            modules            ||   artifacts   |
	|       conf       | number| search|dwnlded|evicted|| number|dwnlded|
	---------------------------------------------------------------------
	|      default     |   3   |   3   |   3   |   0   ||   3   |   3   |
	---------------------------------------------------------------------
:: retrieving :: org.apache.spark#spark-submit-parent-b98de4a2-9c81-4600-bb0c-cb8b8ca884a5
	confs: [default]
	3 artifacts copied, 0 already retrieved (275421kB/219ms)
26/08/09 06:51:16 WARN NativeCodeLoader: Unable to load native-hadoop library for your platform... using builtin-java classes where applicable
26/08/09 06:51:16 INFO SparkContext: Running Spark version 3.5.1
26/08/09 06:51:16 INFO SparkContext: OS info Linux, 6.18.33.2-microsoft-standard-WSL2, amd64
26/08/09 06:51:16 INFO SparkContext: Java version 11.0.22
26/08/09 06:51:16 INFO ResourceUtils: ==============================================================
26/08/09 06:51:16 INFO ResourceUtils: No custom resources configured for spark.driver.
26/08/09 06:51:16 INFO ResourceUtils: ==============================================================
26/08/09 06:51:16 INFO SparkContext: Submitted application: HospitalDW-Layer3-Processing
26/08/09 06:51:16 INFO ResourceProfile: Default ResourceProfile created, executor resources: Map(memory -> name: memory, amount: 1024, script: , vendor: , offHeap -> name: offHeap, amount: 0, script: , vendor: ), task resources: Map(cpus -> name: cpus, amount: 1.0)
26/08/09 06:51:16 INFO ResourceProfile: Limiting resource is cpu
26/08/09 06:51:16 INFO ResourceProfileManager: Added ResourceProfile id: 0
26/08/09 06:51:17 INFO SecurityManager: Changing view acls to: spark
26/08/09 06:51:17 INFO SecurityManager: Changing modify acls to: spark
26/08/09 06:51:17 INFO SecurityManager: Changing view acls groups to: 
26/08/09 06:51:17 INFO SecurityManager: Changing modify acls groups to: 
26/08/09 06:51:17 INFO SecurityManager: SecurityManager: authentication disabled; ui acls disabled; users with view permissions: spark; groups with view permissions: EMPTY; users with modify permissions: spark; groups with modify permissions: EMPTY
26/08/09 06:51:17 INFO Utils: Successfully started service 'sparkDriver' on port 46287.
26/08/09 06:51:17 INFO SparkEnv: Registering MapOutputTracker
26/08/09 06:51:17 INFO SparkEnv: Registering BlockManagerMaster
26/08/09 06:51:17 INFO BlockManagerMasterEndpoint: Using org.apache.spark.storage.DefaultTopologyMapper for getting topology information
26/08/09 06:51:17 INFO BlockManagerMasterEndpoint: BlockManagerMasterEndpoint up
26/08/09 06:51:17 INFO SparkEnv: Registering BlockManagerMasterHeartbeat
26/08/09 06:51:17 INFO DiskBlockManager: Created local directory at /tmp/blockmgr-3960c5cd-1073-427d-ba27-e86420b0afc3
26/08/09 06:51:17 INFO MemoryStore: MemoryStore started with capacity 434.4 MiB
26/08/09 06:51:17 INFO SparkEnv: Registering OutputCommitCoordinator
26/08/09 06:51:17 INFO JettyUtils: Start Jetty 0.0.0.0:4040 for SparkUI
26/08/09 06:51:17 INFO Utils: Successfully started service 'SparkUI' on port 4040.
26/08/09 06:51:17 INFO SparkContext: Added JAR file:///tmp/.ivy2/jars/org.apache.hadoop_hadoop-aws-3.3.4.jar at spark://c9c75d2bfb61:46287/jars/org.apache.hadoop_hadoop-aws-3.3.4.jar with timestamp 1786258276914
26/08/09 06:51:17 INFO SparkContext: Added JAR file:///tmp/.ivy2/jars/com.amazonaws_aws-java-sdk-bundle-1.12.262.jar at spark://c9c75d2bfb61:46287/jars/com.amazonaws_aws-java-sdk-bundle-1.12.262.jar with timestamp 1786258276914
26/08/09 06:51:17 INFO SparkContext: Added JAR file:///tmp/.ivy2/jars/org.wildfly.openssl_wildfly-openssl-1.0.7.Final.jar at spark://c9c75d2bfb61:46287/jars/org.wildfly.openssl_wildfly-openssl-1.0.7.Final.jar with timestamp 1786258276914
26/08/09 06:51:17 INFO SparkContext: Added file file:///tmp/.ivy2/jars/org.apache.hadoop_hadoop-aws-3.3.4.jar at spark://c9c75d2bfb61:46287/files/org.apache.hadoop_hadoop-aws-3.3.4.jar with timestamp 1786258276914
26/08/09 06:51:17 INFO Utils: Copying /tmp/.ivy2/jars/org.apache.hadoop_hadoop-aws-3.3.4.jar to /tmp/spark-c3649a13-9b6d-4187-8c4e-9f55e192f3c7/userFiles-cb361812-3146-4ecd-8bf2-5f79f4217142/org.apache.hadoop_hadoop-aws-3.3.4.jar
26/08/09 06:51:17 INFO SparkContext: Added file file:///tmp/.ivy2/jars/com.amazonaws_aws-java-sdk-bundle-1.12.262.jar at spark://c9c75d2bfb61:46287/files/com.amazonaws_aws-java-sdk-bundle-1.12.262.jar with timestamp 1786258276914
26/08/09 06:51:17 INFO Utils: Copying /tmp/.ivy2/jars/com.amazonaws_aws-java-sdk-bundle-1.12.262.jar to /tmp/spark-c3649a13-9b6d-4187-8c4e-9f55e192f3c7/userFiles-cb361812-3146-4ecd-8bf2-5f79f4217142/com.amazonaws_aws-java-sdk-bundle-1.12.262.jar
26/08/09 06:51:17 INFO SparkContext: Added file file:///tmp/.ivy2/jars/org.wildfly.openssl_wildfly-openssl-1.0.7.Final.jar at spark://c9c75d2bfb61:46287/files/org.wildfly.openssl_wildfly-openssl-1.0.7.Final.jar with timestamp 1786258276914
26/08/09 06:51:17 INFO Utils: Copying /tmp/.ivy2/jars/org.wildfly.openssl_wildfly-openssl-1.0.7.Final.jar to /tmp/spark-c3649a13-9b6d-4187-8c4e-9f55e192f3c7/userFiles-cb361812-3146-4ecd-8bf2-5f79f4217142/org.wildfly.openssl_wildfly-openssl-1.0.7.Final.jar
26/08/09 06:51:17 INFO StandaloneAppClient$ClientEndpoint: Connecting to master spark://spark-master:7077...
26/08/09 06:51:17 INFO TransportClientFactory: Successfully created connection to spark-master/172.18.0.3:7077 after 26 ms (0 ms spent in bootstraps)
26/08/09 06:51:18 INFO StandaloneSchedulerBackend: Connected to Spark cluster with app ID app-20260809065118-0000
26/08/09 06:51:18 INFO Utils: Successfully started service 'org.apache.spark.network.netty.NettyBlockTransferService' on port 39489.
26/08/09 06:51:18 INFO NettyBlockTransferService: Server created on c9c75d2bfb61:39489
26/08/09 06:51:18 INFO BlockManager: Using org.apache.spark.storage.RandomBlockReplicationPolicy for block replication policy
26/08/09 06:51:18 INFO BlockManagerMaster: Registering BlockManager BlockManagerId(driver, c9c75d2bfb61, 39489, None)
26/08/09 06:51:18 INFO BlockManagerMasterEndpoint: Registering block manager c9c75d2bfb61:39489 with 434.4 MiB RAM, BlockManagerId(driver, c9c75d2bfb61, 39489, None)
26/08/09 06:51:18 INFO BlockManagerMaster: Registered BlockManager BlockManagerId(driver, c9c75d2bfb61, 39489, None)
26/08/09 06:51:18 INFO BlockManager: Initialized BlockManager: BlockManagerId(driver, c9c75d2bfb61, 39489, None)
26/08/09 06:51:18 INFO StandaloneAppClient$ClientEndpoint: Executor added: app-20260809065118-0000/0 on worker-20260809054330-172.18.0.8-33287 (172.18.0.8:33287) with 2 core(s)
26/08/09 06:51:18 INFO StandaloneSchedulerBackend: Granted executor ID app-20260809065118-0000/0 on hostPort 172.18.0.8:33287 with 2 core(s), 1024.0 MiB RAM
26/08/09 06:51:18 INFO StandaloneSchedulerBackend: SchedulerBackend is ready for scheduling beginning after reached minRegisteredResourcesRatio: 0.0
26/08/09 06:51:18 INFO StandaloneAppClient$ClientEndpoint: Executor updated: app-20260809065118-0000/0 is now RUNNING
26/08/09 06:51:19 WARN MetricsConfig: Cannot locate configuration: tried hadoop-metrics2-s3a-file-system.properties,hadoop-metrics2.properties
Da doc 101766 dong tu diabetic_data.csv
26/08/09 06:51:28 WARN WindowExec: No Partition Defined for Window operation! Moving all data to a single partition, this can cause serious performance degradation.
26/08/09 06:51:28 WARN WindowExec: No Partition Defined for Window operation! Moving all data to a single partition, this can cause serious performance degradation.
26/08/09 06:51:28 WARN WindowExec: No Partition Defined for Window operation! Moving all data to a single partition, this can cause serious performance degradation.
26/08/09 06:51:28 WARN WindowExec: No Partition Defined for Window operation! Moving all data to a single partition, this can cause serious performance degradation.
26/08/09 06:51:30 WARN WindowExec: No Partition Defined for Window operation! Moving all data to a single partition, this can cause serious performance degradation.
26/08/09 06:51:30 WARN WindowExec: No Partition Defined for Window operation! Moving all data to a single partition, this can cause serious performance degradation.
26/08/09 06:51:30 WARN WindowExec: No Partition Defined for Window operation! Moving all data to a single partition, this can cause serious performance degradation.
26/08/09 06:51:30 WARN WindowExec: No Partition Defined for Window operation! Moving all data to a single partition, this can cause serious performance degradation.
KIEM TRA: du lieu sau lam sach co 100114 dong, fact_admission co 100114 dong
HOAN TAT tang 3. Da ghi 1 fact + 4 dimension vao hospital-curated/
  fact_admission: 100114 dong
  dim_patient   : 70439 dong
  dim_department: 73 dong
  dim_diagnosis : 2088 dong
  dim_date      : 3664 dong
[2026-08-09T06:51:49.692+0000] {logging_mixin.py:188} INFO - Hoan tat: /opt/spark-jobs/process_hospital_dw.py
[2026-08-09T06:51:49.695+0000] {python.py:237} INFO - Done. Returned value was: None
[2026-08-09T06:51:49.697+0000] {taskinstance.py:441} INFO - ::group::Post task execution logs
[2026-08-09T06:51:49.708+0000] {taskinstance.py:1206} INFO - Marking task as SUCCESS. dag_id=hospital_dw_batch_pipeline, task_id=process_pyspark_layer3, run_id=manual__2026-08-09T06:50:41.640492+00:00, execution_date=20260809T065041, start_date=20260809T065042, end_date=20260809T065149
[2026-08-09T06:51:49.738+0000] {local_task_job_runner.py:243} INFO - Task exited with return code 0
[2026-08-09T06:51:49.774+0000] {taskinstance.py:3503} INFO - 1 downstream tasks scheduled from follow-on schedule check
[2026-08-09T06:51:49.776+0000] {local_task_job_runner.py:222} INFO - ::endgroup::
